Analysis & Synthesis report for reaction_game
Tue Sep 30 19:18:38 2025
Quartus Prime Version 24.1std.0 Build 1077 03/04/2025 SC Lite Edition


---------------------
; Table of Contents ;
---------------------
  1. Legal Notice
  2. Analysis & Synthesis Summary
  3. Analysis & Synthesis Settings
  4. Parallel Compilation
  5. Analysis & Synthesis Source Files Read
  6. Analysis & Synthesis Resource Usage Summary
  7. Analysis & Synthesis Resource Utilization by Entity
  8. State Machine - |reaction_game|current_state
  9. Registers Removed During Synthesis
 10. Removed Registers Triggering Further Register Optimizations
 11. General Register Statistics
 12. Inverted Register Statistics
 13. Multiplexer Restructuring Statistics (Restructuring Performed)
 14. Parameter Settings for Inferred Entity Instance: lpm_divide:Mod0
 15. Post-Synthesis Netlist Statistics for Top Partition
 16. Elapsed Time Per Partition
 17. Analysis & Synthesis Messages



----------------
; Legal Notice ;
----------------
Copyright (C) 2025  Altera Corporation. All rights reserved.
Your use of Altera Corporation's design tools, logic functions 
and other software and tools, and any partner logic 
functions, and any output files from any of the foregoing 
(including device programming or simulation files), and any 
associated documentation or information are expressly subject 
to the terms and conditions of the Altera Program License 
Subscription Agreement, the Altera Quartus Prime License Agreement,
the Altera IP License Agreement, or other applicable license
agreement, including, without limitation, that your use is for
the sole purpose of programming logic devices manufactured by
Altera and sold by Altera or its authorized distributors.  Please
refer to the Altera Software License Subscription Agreements 
on the Quartus Prime software download page.



+-----------------------------------------------------------------------------------+
; Analysis & Synthesis Summary                                                      ;
+---------------------------------+-------------------------------------------------+
; Analysis & Synthesis Status     ; Successful - Tue Sep 30 19:18:38 2025           ;
; Quartus Prime Version           ; 24.1std.0 Build 1077 03/04/2025 SC Lite Edition ;
; Revision Name                   ; reaction_game                                   ;
; Top-level Entity Name           ; reaction_game                                   ;
; Family                          ; Cyclone V                                       ;
; Logic utilization (in ALMs)     ; N/A                                             ;
; Total registers                 ; 143                                             ;
; Total pins                      ; 16                                              ;
; Total virtual pins              ; 0                                               ;
; Total block memory bits         ; 0                                               ;
; Total DSP Blocks                ; 0                                               ;
; Total HSSI RX PCSs              ; 0                                               ;
; Total HSSI PMA RX Deserializers ; 0                                               ;
; Total HSSI TX PCSs              ; 0                                               ;
; Total HSSI PMA TX Serializers   ; 0                                               ;
; Total PLLs                      ; 0                                               ;
; Total DLLs                      ; 0                                               ;
+---------------------------------+-------------------------------------------------+


+---------------------------------------------------------------------------------------------------------------------------+
; Analysis & Synthesis Settings                                                                                             ;
+---------------------------------------------------------------------------------+--------------------+--------------------+
; Option                                                                          ; Setting            ; Default Value      ;
+---------------------------------------------------------------------------------+--------------------+--------------------+
; Device                                                                          ; 5CEBA4F23C7        ;                    ;
; Top-level entity name                                                           ; reaction_game      ; reaction_game      ;
; Family name                                                                     ; Cyclone V          ; Cyclone V          ;
; Use smart compilation                                                           ; Off                ; Off                ;
; Enable parallel Assembler and Timing Analyzer during compilation                ; On                 ; On                 ;
; Enable compact report table                                                     ; Off                ; Off                ;
; Restructure Multiplexers                                                        ; Auto               ; Auto               ;
; MLAB Add Timing Constraints For Mixed-Port Feed-Through Mode Setting Don't Care ; Off                ; Off                ;
; Create Debugging Nodes for IP Cores                                             ; Off                ; Off                ;
; Preserve fewer node names                                                       ; On                 ; On                 ;
; Intel FPGA IP Evaluation Mode                                                   ; Enable             ; Enable             ;
; Verilog Version                                                                 ; Verilog_2001       ; Verilog_2001       ;
; VHDL Version                                                                    ; VHDL_1993          ; VHDL_1993          ;
; State Machine Processing                                                        ; Auto               ; Auto               ;
; Safe State Machine                                                              ; Off                ; Off                ;
; Extract Verilog State Machines                                                  ; On                 ; On                 ;
; Extract VHDL State Machines                                                     ; On                 ; On                 ;
; Ignore Verilog initial constructs                                               ; Off                ; Off                ;
; Iteration limit for constant Verilog loops                                      ; 5000               ; 5000               ;
; Iteration limit for non-constant Verilog loops                                  ; 250                ; 250                ;
; Add Pass-Through Logic to Inferred RAMs                                         ; On                 ; On                 ;
; Infer RAMs from Raw Logic                                                       ; On                 ; On                 ;
; Parallel Synthesis                                                              ; On                 ; On                 ;
; DSP Block Balancing                                                             ; Auto               ; Auto               ;
; NOT Gate Push-Back                                                              ; On                 ; On                 ;
; Power-Up Don't Care                                                             ; On                 ; On                 ;
; Remove Redundant Logic Cells                                                    ; Off                ; Off                ;
; Remove Duplicate Registers                                                      ; On                 ; On                 ;
; Ignore CARRY Buffers                                                            ; Off                ; Off                ;
; Ignore CASCADE Buffers                                                          ; Off                ; Off                ;
; Ignore GLOBAL Buffers                                                           ; Off                ; Off                ;
; Ignore ROW GLOBAL Buffers                                                       ; Off                ; Off                ;
; Ignore LCELL Buffers                                                            ; Off                ; Off                ;
; Ignore SOFT Buffers                                                             ; On                 ; On                 ;
; Limit AHDL Integers to 32 Bits                                                  ; Off                ; Off                ;
; Optimization Technique                                                          ; Balanced           ; Balanced           ;
; Carry Chain Length                                                              ; 70                 ; 70                 ;
; Auto Carry Chains                                                               ; On                 ; On                 ;
; Auto Open-Drain Pins                                                            ; On                 ; On                 ;
; Perform WYSIWYG Primitive Resynthesis                                           ; Off                ; Off                ;
; Auto ROM Replacement                                                            ; On                 ; On                 ;
; Auto RAM Replacement                                                            ; On                 ; On                 ;
; Auto DSP Block Replacement                                                      ; On                 ; On                 ;
; Auto Shift Register Replacement                                                 ; Auto               ; Auto               ;
; Allow Shift Register Merging across Hierarchies                                 ; Auto               ; Auto               ;
; Auto Clock Enable Replacement                                                   ; On                 ; On                 ;
; Strict RAM Replacement                                                          ; Off                ; Off                ;
; Allow Synchronous Control Signals                                               ; On                 ; On                 ;
; Force Use of Synchronous Clear Signals                                          ; Off                ; Off                ;
; Auto Resource Sharing                                                           ; Off                ; Off                ;
; Allow Any RAM Size For Recognition                                              ; Off                ; Off                ;
; Allow Any ROM Size For Recognition                                              ; Off                ; Off                ;
; Allow Any Shift Register Size For Recognition                                   ; Off                ; Off                ;
; Use LogicLock Constraints during Resource Balancing                             ; On                 ; On                 ;
; Ignore translate_off and synthesis_off directives                               ; Off                ; Off                ;
; Timing-Driven Synthesis                                                         ; On                 ; On                 ;
; Report Parameter Settings                                                       ; On                 ; On                 ;
; Report Source Assignments                                                       ; On                 ; On                 ;
; Report Connectivity Checks                                                      ; On                 ; On                 ;
; Ignore Maximum Fan-Out Assignments                                              ; Off                ; Off                ;
; Synchronization Register Chain Length                                           ; 3                  ; 3                  ;
; Power Optimization During Synthesis                                             ; Normal compilation ; Normal compilation ;
; HDL message level                                                               ; Level2             ; Level2             ;
; Suppress Register Optimization Related Messages                                 ; Off                ; Off                ;
; Number of Removed Registers Reported in Synthesis Report                        ; 5000               ; 5000               ;
; Number of Swept Nodes Reported in Synthesis Report                              ; 5000               ; 5000               ;
; Number of Inverted Registers Reported in Synthesis Report                       ; 100                ; 100                ;
; Clock MUX Protection                                                            ; On                 ; On                 ;
; Auto Gated Clock Conversion                                                     ; Off                ; Off                ;
; Block Design Naming                                                             ; Auto               ; Auto               ;
; SDC constraint protection                                                       ; Off                ; Off                ;
; Synthesis Effort                                                                ; Auto               ; Auto               ;
; Shift Register Replacement - Allow Asynchronous Clear Signal                    ; On                 ; On                 ;
; Pre-Mapping Resynthesis Optimization                                            ; Off                ; Off                ;
; Analysis & Synthesis Message Level                                              ; Medium             ; Medium             ;
; Disable Register Merging Across Hierarchies                                     ; Auto               ; Auto               ;
; Resource Aware Inference For Block RAM                                          ; On                 ; On                 ;
; Automatic Parallel Synthesis                                                    ; On                 ; On                 ;
; Partial Reconfiguration Bitstream ID                                            ; Off                ; Off                ;
+---------------------------------------------------------------------------------+--------------------+--------------------+


+------------------------------------------+
; Parallel Compilation                     ;
+----------------------------+-------------+
; Processors                 ; Number      ;
+----------------------------+-------------+
; Number detected on machine ; 16          ;
; Maximum allowed            ; 10          ;
;                            ;             ;
; Average used               ; 1.00        ;
; Maximum used               ; 10          ;
;                            ;             ;
; Usage by Processor         ; % Time Used ;
;     Processor 1            ; 100.0%      ;
;     Processors 2-10        ;   0.0%      ;
+----------------------------+-------------+


+--------------------------------------------------------------------------------------------------------------------------------------------------------------------------------+
; Analysis & Synthesis Source Files Read                                                                                                                                         ;
+----------------------------------+-----------------+------------------------------+----------------------------------------------------------------------------------+---------+
; File Name with User-Entered Path ; Used in Netlist ; File Type                    ; File Name with Absolute Path                                                     ; Library ;
+----------------------------------+-----------------+------------------------------+----------------------------------------------------------------------------------+---------+
; reaction_game.vhd                ; yes             ; User VHDL File               ; C:/Users/adriw/Documents/Github/FPGA-ReactionTimeGame/reaction_game.vhd          ;         ;
; lpm_divide.tdf                   ; yes             ; Megafunction                 ; c:/intelfpga_lite/24.1std/quartus/libraries/megafunctions/lpm_divide.tdf         ;         ;
; abs_divider.inc                  ; yes             ; Megafunction                 ; c:/intelfpga_lite/24.1std/quartus/libraries/megafunctions/abs_divider.inc        ;         ;
; sign_div_unsign.inc              ; yes             ; Megafunction                 ; c:/intelfpga_lite/24.1std/quartus/libraries/megafunctions/sign_div_unsign.inc    ;         ;
; aglobal241.inc                   ; yes             ; Megafunction                 ; c:/intelfpga_lite/24.1std/quartus/libraries/megafunctions/aglobal241.inc         ;         ;
; db/lpm_divide_a5m.tdf            ; yes             ; Auto-Generated Megafunction  ; C:/Users/adriw/Documents/Github/FPGA-ReactionTimeGame/db/lpm_divide_a5m.tdf      ;         ;
; db/sign_div_unsign_dnh.tdf       ; yes             ; Auto-Generated Megafunction  ; C:/Users/adriw/Documents/Github/FPGA-ReactionTimeGame/db/sign_div_unsign_dnh.tdf ;         ;
; db/alt_u_div_03f.tdf             ; yes             ; Auto-Generated Megafunction  ; C:/Users/adriw/Documents/Github/FPGA-ReactionTimeGame/db/alt_u_div_03f.tdf       ;         ;
+----------------------------------+-----------------+------------------------------+----------------------------------------------------------------------------------+---------+


+---------------------------------------------------------+
; Analysis & Synthesis Resource Usage Summary             ;
+---------------------------------------------+-----------+
; Resource                                    ; Usage     ;
+---------------------------------------------+-----------+
; Estimate of Logic utilization (ALMs needed) ; 157       ;
;                                             ;           ;
; Combinational ALUT usage for logic          ; 286       ;
;     -- 7 input functions                    ; 0         ;
;     -- 6 input functions                    ; 24        ;
;     -- 5 input functions                    ; 26        ;
;     -- 4 input functions                    ; 35        ;
;     -- <=3 input functions                  ; 201       ;
;                                             ;           ;
; Dedicated logic registers                   ; 143       ;
;                                             ;           ;
; I/O pins                                    ; 16        ;
;                                             ;           ;
; Total DSP Blocks                            ; 0         ;
;                                             ;           ;
; Maximum fan-out node                        ; clk~input ;
; Maximum fan-out                             ; 143       ;
; Total fan-out                               ; 1476      ;
; Average fan-out                             ; 3.20      ;
+---------------------------------------------+-----------+


+-------------------------------------------------------------------------------------------------------------------------------------------------------------------------------------------------------------------------------------------------------------------------------------------------------+
; Analysis & Synthesis Resource Utilization by Entity                                                                                                                                                                                                                                                   ;
+----------------------------------------+---------------------+---------------------------+-------------------+------------+------+--------------+----------------------------------------------------------------------------------------------------------------+---------------------+--------------+
; Compilation Hierarchy Node             ; Combinational ALUTs ; Dedicated Logic Registers ; Block Memory Bits ; DSP Blocks ; Pins ; Virtual Pins ; Full Hierarchy Name                                                                                            ; Entity Name         ; Library Name ;
+----------------------------------------+---------------------+---------------------------+-------------------+------------+------+--------------+----------------------------------------------------------------------------------------------------------------+---------------------+--------------+
; |reaction_game                         ; 286 (159)           ; 143 (143)                 ; 0                 ; 0          ; 16   ; 0            ; |reaction_game                                                                                                 ; reaction_game       ; work         ;
;    |lpm_divide:Mod0|                   ; 127 (0)             ; 0 (0)                     ; 0                 ; 0          ; 0    ; 0            ; |reaction_game|lpm_divide:Mod0                                                                                 ; lpm_divide          ; work         ;
;       |lpm_divide_a5m:auto_generated|  ; 127 (0)             ; 0 (0)                     ; 0                 ; 0          ; 0    ; 0            ; |reaction_game|lpm_divide:Mod0|lpm_divide_a5m:auto_generated                                                   ; lpm_divide_a5m      ; work         ;
;          |sign_div_unsign_dnh:divider| ; 127 (0)             ; 0 (0)                     ; 0                 ; 0          ; 0    ; 0            ; |reaction_game|lpm_divide:Mod0|lpm_divide_a5m:auto_generated|sign_div_unsign_dnh:divider                       ; sign_div_unsign_dnh ; work         ;
;             |alt_u_div_03f:divider|    ; 127 (127)           ; 0 (0)                     ; 0                 ; 0          ; 0    ; 0            ; |reaction_game|lpm_divide:Mod0|lpm_divide_a5m:auto_generated|sign_div_unsign_dnh:divider|alt_u_div_03f:divider ; alt_u_div_03f       ; work         ;
+----------------------------------------+---------------------+---------------------------+-------------------+------------+------+--------------+----------------------------------------------------------------------------------------------------------------+---------------------+--------------+
Note: For table entries with two numbers listed, the numbers in parentheses indicate the number of resources of the given type used by the specific entity alone. The numbers listed outside of parentheses indicate the total resources of the given type used by the specific entity and all of its sub-entities in the hierarchy.


Encoding Type:  One-Hot
+------------------------------------------------------------------------------------------------------------------------------------------------------------------------------------------------------+
; State Machine - |reaction_game|current_state                                                                                                                                                         ;
+--------------------------+----------------------+------------------------+-------------------------+-----------------------+--------------------------+-------------------------+--------------------+
; Name                     ; current_state.RESULT ; current_state.INTERVAL ; current_state.SHOW_TIME ; current_state.MEASURE ; current_state.WAIT_DELAY ; current_state.GEN_DELAY ; current_state.IDLE ;
+--------------------------+----------------------+------------------------+-------------------------+-----------------------+--------------------------+-------------------------+--------------------+
; current_state.IDLE       ; 0                    ; 0                      ; 0                       ; 0                     ; 0                        ; 0                       ; 0                  ;
; current_state.GEN_DELAY  ; 0                    ; 0                      ; 0                       ; 0                     ; 0                        ; 1                       ; 1                  ;
; current_state.WAIT_DELAY ; 0                    ; 0                      ; 0                       ; 0                     ; 1                        ; 0                       ; 1                  ;
; current_state.MEASURE    ; 0                    ; 0                      ; 0                       ; 1                     ; 0                        ; 0                       ; 1                  ;
; current_state.SHOW_TIME  ; 0                    ; 0                      ; 1                       ; 0                     ; 0                        ; 0                       ; 1                  ;
; current_state.INTERVAL   ; 0                    ; 1                      ; 0                       ; 0                     ; 0                        ; 0                       ; 1                  ;
; current_state.RESULT     ; 1                    ; 0                      ; 0                       ; 0                     ; 0                        ; 0                       ; 1                  ;
+--------------------------+----------------------+------------------------+-------------------------+-----------------------+--------------------------+-------------------------+--------------------+


+---------------------------------------------------------------------------------+
; Registers Removed During Synthesis                                              ;
+----------------------------------------+----------------------------------------+
; Register name                          ; Reason for Removal                     ;
+----------------------------------------+----------------------------------------+
; current_player[1]                      ; Stuck at GND due to stuck port data_in ;
; current_player[0]                      ; Stuck at VCC due to stuck port data_in ;
; display_digit_values[11,14,15]         ; Merged with display_digit_values[10]   ;
; reaction_time_p2[0..8]                 ; Merged with reaction_time_p2[9]        ;
; reaction_time_p2[9]                    ; Stuck at GND due to stuck port data_in ;
; false_start_p2                         ; Stuck at GND due to stuck port data_in ;
; current_state.RESULT                   ; Stuck at GND due to stuck port data_in ;
; display_digit_values[10,13]            ; Stuck at GND due to stuck port data_in ;
; winner_player[0,1]                     ; Stuck at GND due to stuck port data_in ;
; Total Number of Removed Registers = 21 ;                                        ;
+----------------------------------------+----------------------------------------+


+----------------------------------------------------------------------------------------------------------------+
; Removed Registers Triggering Further Register Optimizations                                                    ;
+-------------------+---------------------------+----------------------------------------------------------------+
; Register name     ; Reason for Removal        ; Registers Removed due to This Register                         ;
+-------------------+---------------------------+----------------------------------------------------------------+
; current_player[1] ; Stuck at GND              ; reaction_time_p2[9], false_start_p2, display_digit_values[10], ;
;                   ; due to stuck port data_in ; display_digit_values[13], winner_player[1], winner_player[0]   ;
+-------------------+---------------------------+----------------------------------------------------------------+


+------------------------------------------------------+
; General Register Statistics                          ;
+----------------------------------------------+-------+
; Statistic                                    ; Value ;
+----------------------------------------------+-------+
; Total registers                              ; 143   ;
; Number of registers using Synchronous Clear  ; 41    ;
; Number of registers using Synchronous Load   ; 14    ;
; Number of registers using Asynchronous Clear ; 143   ;
; Number of registers using Asynchronous Load  ; 0     ;
; Number of registers using Clock Enable       ; 82    ;
; Number of registers using Preset             ; 0     ;
+----------------------------------------------+-------+


+---------------------------------------------------+
; Inverted Register Statistics                      ;
+-----------------------------------------+---------+
; Inverted Register                       ; Fan out ;
+-----------------------------------------+---------+
; seg_internal[0]                         ; 1       ;
; seg_internal[1]                         ; 1       ;
; seg_internal[2]                         ; 1       ;
; seg_internal[3]                         ; 1       ;
; seg_internal[4]                         ; 1       ;
; seg_internal[5]                         ; 1       ;
; seg_internal[6]                         ; 1       ;
; an_internal[0]                          ; 1       ;
; an_internal[1]                          ; 1       ;
; an_internal[2]                          ; 1       ;
; an_internal[3]                          ; 1       ;
; lfsr_reg[1]                             ; 4       ;
; lfsr_reg[0]                             ; 2       ;
; lfsr_reg[2]                             ; 4       ;
; lfsr_reg[13]                            ; 4       ;
; lfsr_reg[12]                            ; 5       ;
; lfsr_reg[11]                            ; 3       ;
; lfsr_reg[10]                            ; 5       ;
; lfsr_reg[9]                             ; 3       ;
; lfsr_reg[8]                             ; 4       ;
; lfsr_reg[7]                             ; 3       ;
; lfsr_reg[6]                             ; 4       ;
; lfsr_reg[5]                             ; 3       ;
; lfsr_reg[4]                             ; 4       ;
; lfsr_reg[3]                             ; 5       ;
; lfsr_reg[15]                            ; 4       ;
; lfsr_reg[14]                            ; 4       ;
; Total number of inverted registers = 27 ;         ;
+-----------------------------------------+---------+


+---------------------------------------------------------------------------------------------------------------------------------------------------------+
; Multiplexer Restructuring Statistics (Restructuring Performed)                                                                                          ;
+--------------------+-----------+---------------+----------------------+------------------------+------------+-------------------------------------------+
; Multiplexer Inputs ; Bus Width ; Baseline Area ; Area if Restructured ; Saving if Restructured ; Registered ; Example Multiplexer Output                ;
+--------------------+-----------+---------------+----------------------+------------------------+------------+-------------------------------------------+
; 3:1                ; 4 bits    ; 8 LEs         ; 4 LEs                ; 4 LEs                  ; Yes        ; |reaction_game|debounce_count_start[0]    ;
; 3:1                ; 4 bits    ; 8 LEs         ; 4 LEs                ; 4 LEs                  ; Yes        ; |reaction_game|debounce_count_response[1] ;
; 3:1                ; 11 bits   ; 22 LEs        ; 0 LEs                ; 22 LEs                 ; Yes        ; |reaction_game|show_counter_ms[0]         ;
; 5:1                ; 14 bits   ; 42 LEs        ; 14 LEs               ; 28 LEs                 ; Yes        ; |reaction_game|delay_counter_ms[12]       ;
; 5:1                ; 3 bits    ; 9 LEs         ; 6 LEs                ; 3 LEs                  ; Yes        ; |reaction_game|display_digit_values[4]    ;
; 5:1                ; 7 bits    ; 21 LEs        ; 14 LEs               ; 7 LEs                  ; Yes        ; |reaction_game|display_digit_values[5]    ;
; 6:1                ; 10 bits   ; 40 LEs        ; 10 LEs               ; 30 LEs                 ; Yes        ; |reaction_game|reaction_time_p1[4]        ;
; 3:1                ; 2 bits    ; 4 LEs         ; 4 LEs                ; 0 LEs                  ; No         ; |reaction_game|Mux4                       ;
; 4:1                ; 2 bits    ; 4 LEs         ; 4 LEs                ; 0 LEs                  ; No         ; |reaction_game|Mux7                       ;
; 10:1               ; 4 bits    ; 24 LEs        ; 16 LEs               ; 8 LEs                  ; No         ; |reaction_game|Selector67                 ;
+--------------------+-----------+---------------+----------------------+------------------------+------------+-------------------------------------------+


+------------------------------------------------------------------+
; Parameter Settings for Inferred Entity Instance: lpm_divide:Mod0 ;
+------------------------+----------------+------------------------+
; Parameter Name         ; Value          ; Type                   ;
+------------------------+----------------+------------------------+
; LPM_WIDTHN             ; 16             ; Untyped                ;
; LPM_WIDTHD             ; 16             ; Untyped                ;
; LPM_NREPRESENTATION    ; UNSIGNED       ; Untyped                ;
; LPM_DREPRESENTATION    ; UNSIGNED       ; Untyped                ;
; LPM_PIPELINE           ; 0              ; Untyped                ;
; LPM_REMAINDERPOSITIVE  ; TRUE           ; Untyped                ;
; MAXIMIZE_SPEED         ; 5              ; Untyped                ;
; CBXI_PARAMETER         ; lpm_divide_a5m ; Untyped                ;
; CARRY_CHAIN            ; MANUAL         ; Untyped                ;
; OPTIMIZE_FOR_SPEED     ; 5              ; Untyped                ;
; AUTO_CARRY_CHAINS      ; ON             ; AUTO_CARRY             ;
; IGNORE_CARRY_BUFFERS   ; OFF            ; IGNORE_CARRY           ;
; AUTO_CASCADE_CHAINS    ; ON             ; AUTO_CASCADE           ;
; IGNORE_CASCADE_BUFFERS ; OFF            ; IGNORE_CASCADE         ;
+------------------------+----------------+------------------------+
Note: In order to hide this table in the UI and the text report file, please set the "Show Parameter Settings in Synthesis Report" option in "Analysis and Synthesis Settings -> More Settings" to "Off".


+-----------------------------------------------------+
; Post-Synthesis Netlist Statistics for Top Partition ;
+-----------------------+-----------------------------+
; Type                  ; Count                       ;
+-----------------------+-----------------------------+
; arriav_ff             ; 143                         ;
;     CLR               ; 30                          ;
;     CLR SCLR          ; 31                          ;
;     ENA CLR           ; 58                          ;
;     ENA CLR SCLR      ; 10                          ;
;     ENA CLR SLD       ; 14                          ;
; arriav_lcell_comb     ; 297                         ;
;     arith             ; 138                         ;
;         0 data inputs ; 4                           ;
;         1 data inputs ; 104                         ;
;         2 data inputs ; 7                           ;
;         3 data inputs ; 9                           ;
;         4 data inputs ; 14                          ;
;     normal            ; 159                         ;
;         1 data inputs ; 12                          ;
;         2 data inputs ; 48                          ;
;         3 data inputs ; 28                          ;
;         4 data inputs ; 21                          ;
;         5 data inputs ; 26                          ;
;         6 data inputs ; 24                          ;
; boundary_port         ; 16                          ;
;                       ;                             ;
; Max LUT depth         ; 15.10                       ;
; Average LUT depth     ; 6.40                        ;
+-----------------------+-----------------------------+


+-------------------------------+
; Elapsed Time Per Partition    ;
+----------------+--------------+
; Partition Name ; Elapsed Time ;
+----------------+--------------+
; Top            ; 00:00:01     ;
+----------------+--------------+


+-------------------------------+
; Analysis & Synthesis Messages ;
+-------------------------------+
Info: *******************************************************************
Info: Running Quartus Prime Analysis & Synthesis
    Info: Version 24.1std.0 Build 1077 03/04/2025 SC Lite Edition
    Info: Processing started: Tue Sep 30 19:18:30 2025
Info: Command: quartus_map --read_settings_files=on --write_settings_files=off reaction_game -c reaction_game
Warning (18236): Number of processors has not been specified which may cause overloading on shared machines.  Set the global assignment NUM_PARALLEL_PROCESSORS in your QSF to an appropriate value for best performance.
Info (20030): Parallel compilation is enabled and will use 10 of the 10 processors detected
Info (12021): Found 2 design units, including 1 entities, in source file reaction_game.vhd
    Info (12022): Found design unit 1: reaction_game-Behavioral File: C:/Users/adriw/Documents/Github/FPGA-ReactionTimeGame/reaction_game.vhd Line: 21
    Info (12023): Found entity 1: reaction_game File: C:/Users/adriw/Documents/Github/FPGA-ReactionTimeGame/reaction_game.vhd Line: 8
Info (12127): Elaborating entity "reaction_game" for the top level hierarchy
Warning (10036): Verilog HDL or VHDL warning at reaction_game.vhd(94): object "show_time_active" assigned a value but never read File: C:/Users/adriw/Documents/Github/FPGA-ReactionTimeGame/reaction_game.vhd Line: 94
Info (278001): Inferred 1 megafunctions from design logic
    Info (278004): Inferred divider/modulo megafunction ("lpm_divide") from the following logic: "Mod0" File: C:/Users/adriw/Documents/Github/FPGA-ReactionTimeGame/reaction_game.vhd Line: 188
Info (12130): Elaborated megafunction instantiation "lpm_divide:Mod0" File: C:/Users/adriw/Documents/Github/FPGA-ReactionTimeGame/reaction_game.vhd Line: 188
Info (12133): Instantiated megafunction "lpm_divide:Mod0" with the following parameter: File: C:/Users/adriw/Documents/Github/FPGA-ReactionTimeGame/reaction_game.vhd Line: 188
    Info (12134): Parameter "LPM_WIDTHN" = "16"
    Info (12134): Parameter "LPM_WIDTHD" = "16"
    Info (12134): Parameter "LPM_NREPRESENTATION" = "UNSIGNED"
    Info (12134): Parameter "LPM_DREPRESENTATION" = "UNSIGNED"
Info (12021): Found 1 design units, including 1 entities, in source file db/lpm_divide_a5m.tdf
    Info (12023): Found entity 1: lpm_divide_a5m File: C:/Users/adriw/Documents/Github/FPGA-ReactionTimeGame/db/lpm_divide_a5m.tdf Line: 25
Info (12021): Found 1 design units, including 1 entities, in source file db/sign_div_unsign_dnh.tdf
    Info (12023): Found entity 1: sign_div_unsign_dnh File: C:/Users/adriw/Documents/Github/FPGA-ReactionTimeGame/db/sign_div_unsign_dnh.tdf Line: 25
Info (12021): Found 1 design units, including 1 entities, in source file db/alt_u_div_03f.tdf
    Info (12023): Found entity 1: alt_u_div_03f File: C:/Users/adriw/Documents/Github/FPGA-ReactionTimeGame/db/alt_u_div_03f.tdf Line: 23
Info (286030): Timing-Driven Synthesis is running
Info (16010): Generating hard_block partition "hard_block:auto_generated_inst"
    Info (16011): Adding 0 node(s), including 0 DDIO, 0 PLL, 0 transceiver and 0 LCELL
Info (21057): Implemented 327 device resources after synthesis - the final resource count might be different
    Info (21058): Implemented 4 input pins
    Info (21059): Implemented 12 output pins
    Info (21061): Implemented 311 logic cells
Info: Quartus Prime Analysis & Synthesis was successful. 0 errors, 2 warnings
    Info: Peak virtual memory: 4961 megabytes
    Info: Processing ended: Tue Sep 30 19:18:38 2025
    Info: Elapsed time: 00:00:08
    Info: Total CPU time (on all processors): 00:00:16


