------------------------------------------------------------
Timing Analyzer Summary
------------------------------------------------------------

Type  : Slow 1100mV 85C Model Setup 'clk'
Slack : -12.758
TNS   : -501.831

Type  : Slow 1100mV 85C Model Hold 'clk'
Slack : 0.343
TNS   : 0.000

Type  : Slow 1100mV 85C Model Minimum Pulse Width 'clk'
Slack : -0.538
TNS   : -130.710

Type  : Slow 1100mV 0C Model Setup 'clk'
Slack : -13.187
TNS   : -505.901

Type  : Slow 1100mV 0C Model Hold 'clk'
Slack : 0.320
TNS   : 0.000

Type  : Slow 1100mV 0C Model Minimum Pulse Width 'clk'
Slack : -0.538
TNS   : -133.778

Type  : Fast 1100mV 85C Model Setup 'clk'
Slack : -5.575
TNS   : -163.764

Type  : Fast 1100mV 85C Model Hold 'clk'
Slack : 0.181
TNS   : 0.000

Type  : Fast 1100mV 85C Model Minimum Pulse Width 'clk'
Slack : -0.093
TNS   : -14.783

Type  : Fast 1100mV 0C Model Setup 'clk'
Slack : -5.176
TNS   : -141.385

Type  : Fast 1100mV 0C Model Hold 'clk'
Slack : 0.164
TNS   : 0.000

Type  : Fast 1100mV 0C Model Minimum Pulse Width 'clk'
Slack : -0.094
TNS   : -15.090

------------------------------------------------------------
